{"schemaVersion":2,"mediaType":"application/vnd.docker.distribution.manifest.v2+json","config":{"mediaType":"application/vnd.docker.container.image.v1+json","size":612,"digest":"sha256:9b95bea653c4830c69c83b161842570c048b8a53eebd691367d97e07403106e3"},"layers":[{"mediaType":"application/vnd.docker.image.rootfs.diff.tar.gzip","size":3208,"digest":"sha256:7050e35b49f5e348c4809f5eff915842962cb813f32062d3bbdd35c750dd7d01"}]}