{"schemaVersion":2,"mediaType":"application/vnd.docker.distribution.manifest.v2+json","config":{"mediaType":"application/vnd.docker.container.image.v1+json","size":788,"digest":"sha256:5bc8c5c79bcaec30fe6388bdef34dae553665ac248cee2e9d69c30dc97e64faf"},"layers":[{"mediaType":"application/vnd.docker.image.rootfs.diff.tar.gzip","size":6,"digest":"sha256:c3ab8ff13720e8ad9047dd39466b3c8974e592c2fa383d4a3960714caef0c4f2"}]}