{"schemaVersion":2,"mediaType":"application/vnd.docker.distribution.manifest.v2+json","config":{"mediaType":"application/vnd.oci.empty.v1+json","size":2,"digest":"sha256:44136fa355b3678a1146ad16f7e8649e94fb4fc21fe77e8310c060f61caaff8a","artifactType":"application/vnd.sylabs.container"},"layers":[{"mediaType":"application/vnd.docker.image.rootfs.diff.tar.gzip","size":3208,"digest":"sha256:7050e35b49f5e348c4809f5eff915842962cb813f32062d3bbdd35c750dd7d01"}]}