{"schemaVersion":2,"mediaType":"application/vnd.docker.distribution.manifest.v2+json","config":{"mediaType":"application/vnd.sylabs.container.image.v1+json","size":13,"digest":"sha256:424add9fc04ecc6d39b2c12ee958299e93fa55bd29f0b10cb65b2baefaeea402"},"layers":[{"mediaType":"application/vnd.docker.image.rootfs.diff.tar.gzip","size":3208,"digest":"sha256:7050e35b49f5e348c4809f5eff915842962cb813f32062d3bbdd35c750dd7d01"}]}