{"schemaVersion":2,"mediaType":"application/vnd.docker.distribution.manifest.v2+json","config":{"mediaType":"application/vnd.docker.container.image.v1+json","size":198,"digest":"sha256:504a39d1f5444559ddacac51de4ddd94f20e1021719567a159cc9188a316e6ea"},"layers":[{"mediaType":"application/vnd.docker.image.rootfs.diff.tar.gzip","size":3208,"digest":"sha256:7050e35b49f5e348c4809f5eff915842962cb813f32062d3bbdd35c750dd7d01"}]}