{"schemaVersion":2,"mediaType":"application/vnd.docker.distribution.manifest.v2+json","config":{"mediaType":"application/vnd.docker.container.image.v1+json","size":788,"digest":"sha256:93ad81f8071afb1a00ef481a6034c0bf59a18bc2e1fba8bceceecb0acf2bddc3"},"layers":[{"mediaType":"application/vnd.docker.image.rootfs.diff.tar.gzip","size":3679,"digest":"sha256:e5515b4e09a8802cc4903efd5c45ee0eea7317d2a484ea000572213103798f5d"}]}