{"schemaVersion":2,"mediaType":"application/vnd.docker.distribution.manifest.v2+json","config":{"mediaType":"application/vnd.docker.container.image.v1+json","size":788,"digest":"sha256:e9cf48834e9829e4202e7f3919d53ebcf8d792a4e8d40bc18b49ba240e4796bb"},"layers":[{"mediaType":"application/vnd.docker.image.rootfs.diff.tar.gzip","size":3684,"digest":"sha256:2dfe312f3102966866430633d5e0b18c34a1cf992915330500a3adf71d170873"}]}